~([](p1 -> p2) -> ([]p1 -> []p2)) : UNSAT
Jr {v = [3; 4; 5; 9; 10]; dia = (10, +12); jump = Id {a = [+11; +6; +12]};
  restart = Id {a = []}}

~([](p1 -> p2) -> ([]p1 -> []p3)) : SAT
{ v = [4; 5; 6; 10; 11]; c = [{ v = [1; 2; 7; 9; 12; 13]; c = [] }] }

[]false : SAT
{ v = [1]; c = [] }

[]p1 & <>~p1 : UNSAT
Jr {v = [2; 3; 4]; dia = (4, +6); jump = Id {a = [+5; +6]};
  restart = Id {a = []}}

<>p1 & <>~p1 : SAT
{ v = [2; 3; 4]; c = [{ v = [6]; c = [] }; { v = [1; 5]; c = [] }] }

~(<>(p1 | p2) <-> (<>p1 | <>p2)) : UNSAT
Jr {v = [3; 4; 6; 7; 11; 12]; dia = (6, +8); jump = Id {a = [+14; +13; +8]};
  restart =
  Jr {v = [3; 5; 6; 11; 15; 16; 17]; dia = (6, +8);
    jump = Id {a = [+21; +13; +8]};
    restart =
    Jr {v = [3; 5; 6; 15; 16; 17]; dia = (6, +8); jump = Id {a = [+21; +8]};
      restart =
      Jr {v = [3; 5; 15; 16; 17]; dia = (17, +19);
        jump = Id {a = [+21; +19]};
        restart =
        Jr {v = [3; 5; 15; 16; 18]; dia = (18, +20);
          jump = Id {a = [+21; +20]}; restart = Id {a = []}}}}}}

