~([](p1 -> p2) -> ([]p1 -> []p2)) : UNSAT
Jr {v = [3]; dia = (3, +8); jump = Id {a = [+7; +4; +8]};
  restart = Id {a = []}}

~([](p1 -> p2) -> ([]p1 -> []p3)) : SAT
{ v = [4]; c = [{ v = [1; 2; 5; 7; 8; 9]; c = [] }] }

[]false : SAT
{ v = [1]; c = [] }

[]p1 & <>~p1 : UNSAT
Jr {v = [2]; dia = (2, +4); jump = Id {a = [+3; +4]}; restart = Id {a = []}}

<>p1 & <>~p1 : SAT
{ v = [2]; c = [{ v = [4]; c = [] }; { v = [1; 3]; c = [] }] }

~(<>(p1 | p2) <-> (<>p1 | <>p2)) : UNSAT
Jr {v = [3; 4]; dia = (4, +6); jump = Id {a = [+10; +9; +6]};
  restart =
  Jr {v = [3; 5; 11]; dia = (11, +13); jump = Id {a = [+15; +13]};
    restart =
    Jr {v = [3; 5; 12]; dia = (12, +14); jump = Id {a = [+15; +14]};
      restart = Id {a = []}}}}

